// Jest Snapshot v1, https://goo.gl/fbAQLP

exports[`HomeContainer Test Should render welcome text 1`] = `
<section
  class="css-1mldeik"
>
  <div
    class="css-13rb3nt"
  />
</section>
`;
