// Jest Snapshot v1, https://goo.gl/fbAQLP

exports[`Test Init Should render welcome text 1`] = `
<div>
  <h1>
    Welcome Home!! 
    Alejandro
  </h1>
  <button>
    Click me
  </button>
  <p>
    POP
  </p>
</div>
`;
